[{"Balance":1.02331141506,"Path":[{"Target":{"Address":"0x476c5e26a75bd202a9683ffd34359c0cc15be0ff","Symbol":"SRM","Name":"Serum","Decimals":"6"},"Swap":{"Address":"0xcc3d1ecef1f9fd25599dbea2755019dc09db3c54","Token0":{"Address":"0x476c5e26a75bd202a9683ffd34359c0cc15be0ff","Symbol":"SRM","Name":"Serum","Decimals":"6"},"Token1":{"Address":"0xc02aaa39b223fe8d0a0e5c4f27ead9083c756cc2","Symbol":"WETH","Name":"Wrapped Ether","Decimals":"18"},"Token0Reserve":23392.839509999998,"Token1Reserve":13.57880549976845,"Rate0to1":0.00058,"Rate1to0":1722.74649}},{"Target":{"Address":"0xc02aaa39b223fe8d0a0e5c4f27ead9083c756cc2","Symbol":"WETH","Name":"Wrapped Ether","Decimals":"18"},"Swap":{"Address":"0x117d4288b3635021a3d612fe05a3cbf5c717fef2","Token0":{"Address":"0x476c5e26a75bd202a9683ffd34359c0cc15be0ff","Symbol":"SRM","Name":"Serum","Decimals":"6"},"Token1":{"Address":"0xc02aaa39b223fe8d0a0e5c4f27ead9083c756cc2","Symbol":"WETH","Name":"Wrapped Ether","Decimals":"18"},"Token0Reserve":575636.6473899999,"Token1Reserve":342.0198619382404,"Rate0to1":0.000594,"Rate1to0":1683.050347}}]}]