{"APIKey":"","InfuraEndpoint":"https://mainnet.infura.io/v3/","ExcludeDeadTokens":true,"IncludeGas":false,"IncludeFees":true,"TokensFile":"assets/tokens.json","PairsFile":"assets/uni_sushi_paths.json","OutputFilename":"output/output.json","PrettyPrintOutput":true,"WETHAddr":"0xc02aaa39b223fe8d0a0e5c4f27ead9083c756cc2","ReservesAddr":"0x416355755f32b2710ce38725ed0fa102ce7d07e6","DexSwapGas":150000,"InitialWETH":1,"DEXFee":0.003}