[{"TokenSwaps":[{"Token":{"Address":"0x476c5e26a75bd202a9683ffd34359c0cc15be0ff","Symbol":"SRM","Name":"Serum","Decimals":"6"},"Swaps":[{"Address":"0xcc3d1ecef1f9fd25599dbea2755019dc09db3c54","Token0":{"Address":"0x476c5e26a75bd202a9683ffd34359c0cc15be0ff","Symbol":"SRM","Name":"Serum","Decimals":"6"},"Token1":{"Address":"0xc02aaa39b223fe8d0a0e5c4f27ead9083c756cc2","Symbol":"WETH","Name":"Wrapped Ether","Decimals":"18"},"Token0Reserve":null,"Token1Reserve":null,"K":null,"HasReserves":true},{"Address":"0x117d4288b3635021a3d612fe05a3cbf5c717fef2","Token0":{"Address":"0x476c5e26a75bd202a9683ffd34359c0cc15be0ff","Symbol":"SRM","Name":"Serum","Decimals":"6"},"Token1":{"Address":"0xc02aaa39b223fe8d0a0e5c4f27ead9083c756cc2","Symbol":"WETH","Name":"Wrapped Ether","Decimals":"18"},"Token0Reserve":null,"Token1Reserve":null,"K":null,"HasReserves":true}]},{"Token":{"Address":"0xc02aaa39b223fe8d0a0e5c4f27ead9083c756cc2","Symbol":"WETH","Name":"Wrapped Ether","Decimals":"18"},"Swaps":[{"Address":"0xcc3d1ecef1f9fd25599dbea2755019dc09db3c54","Token0":{"Address":"0x476c5e26a75bd202a9683ffd34359c0cc15be0ff","Symbol":"SRM","Name":"Serum","Decimals":"6"},"Token1":{"Address":"0xc02aaa39b223fe8d0a0e5c4f27ead9083c756cc2","Symbol":"WETH","Name":"Wrapped Ether","Decimals":"18"},"Token0Reserve":null,"Token1Reserve":null,"K":null,"HasReserves":true},{"Address":"0x117d4288b3635021a3d612fe05a3cbf5c717fef2","Token0":{"Address":"0x476c5e26a75bd202a9683ffd34359c0cc15be0ff","Symbol":"SRM","Name":"Serum","Decimals":"6"},"Token1":{"Address":"0xc02aaa39b223fe8d0a0e5c4f27ead9083c756cc2","Symbol":"WETH","Name":"Wrapped Ether","Decimals":"18"},"Token0Reserve":null,"Token1Reserve":null,"K":null,"HasReserves":true}]}]}]