{"0x476c5e26a75bd202a9683ffd34359c0cc15be0ff":{"Address":"0x476c5e26a75bd202a9683ffd34359c0cc15be0ff","Symbol":"SRM","Name":"Serum","Decimals":"6"},"0xc02aaa39b223fe8d0a0e5c4f27ead9083c756cc2":{"Address":"0xc02aaa39b223fe8d0a0e5c4f27ead9083c756cc2","Symbol":"WETH","Name":"Wrapped Ether","Decimals":"18"}}